[2026-09-07 15:46:47] [INFO] [satellite_srm.sentinel2.acquire_scene:40] Generating calibrated Sentinel-2 L2A scene: S2A_MSIL2A_20260515_agriculture
[2026-09-07 15:46:47] [INFO] [satellite_srm.geotiff.write_geotiff:159] GeoTIFF written via TIFF engine to: data/raw/sentinel2/S2A_MSIL2A_20260515_agriculture.tif
[2026-09-07 15:46:47] [INFO] [satellite_srm.sentinel2.acquire_scene:95] Sentinel-2 scene acquired: data/raw/sentinel2/S2A_MSIL2A_20260515_agriculture.tif (SHA-256: 215bf20acd49...)
[2026-09-07 15:46:48] [INFO] [satellite_srm.geotiff.write_geotiff:159] GeoTIFF written via TIFF engine to: data/raw/worldstrat/S2A_MSIL2A_20260515_agriculture_HR_proxy.tif
[2026-09-07 15:46:48] [INFO] [satellite_srm.worldstrat.generate_reference_pair:87] Generated calibrated HR reference proxy: data/raw/worldstrat/S2A_MSIL2A_20260515_agriculture_HR_proxy.tif (Scale: 3.0x, GSD: 3.33m)
[2026-09-07 15:46:59] [INFO] [satellite_srm.patches.extract_pairs:97] Extracted 9 patch pairs for scene S2A_MSIL2A_20260515_agriculture
[2026-09-07 15:46:59] [INFO] [satellite_srm.sampler.split:43] Geographic split complete: 6 train, 1 val, 2 test.
[2026-09-07 15:47:22] [INFO] [satellite_srm.model_factory.create_model:26] Initializing Multispectral SwinIR model (Scale: 3.0x, 4 bands)...
[2026-09-07 15:47:40] [INFO] [satellite_srm.model_factory.create_model:26] Initializing Multispectral SwinIR model (Scale: 3.0x, 4 bands)...
[2026-09-07 15:47:54] [INFO] [satellite_srm.model_factory.create_model:26] Initializing Multispectral SwinIR model (Scale: 3.0x, 4 bands)...
[2026-09-07 15:51:44] [INFO] [satellite_srm.model_factory.create_model:26] Initializing Multispectral SwinIR model (Scale: 3.0x, 4 bands)...
[2026-09-07 15:51:44] [INFO] [satellite_srm.inference_pipeline.run:37] Starting Full-Scene SRM Inference on: data/raw/sentinel2/S2A_MSIL2A_20260515_agriculture.tif
[2026-09-07 15:51:45] [INFO] [satellite_srm.inference_pipeline.run:50] Decomposed scene into 9 overlapping tiles (Tile: 128, Overlap: 32)
[2026-09-07 15:57:06] [INFO] [satellite_srm.model_factory.create_model:26] Initializing Multispectral SwinIR model (Scale: 3.0x, 4 bands)...
[2026-09-07 15:57:06] [INFO] [satellite_srm.inference_pipeline.run:37] Starting Full-Scene SRM Inference on: data/raw/sentinel2/S2A_MSIL2A_20260515_agriculture.tif
[2026-09-07 15:57:06] [INFO] [satellite_srm.inference_pipeline.run:50] Decomposed scene into 9 overlapping tiles (Tile: 128, Overlap: 16)
[2026-09-07 15:58:58] [INFO] [satellite_srm.geotiff.write_geotiff:159] GeoTIFF written via TIFF engine to: outputs/sr/SR_product.tif
[2026-09-07 15:58:58] [INFO] [satellite_srm.geotiff.write_geotiff:159] GeoTIFF written via TIFF engine to: outputs/uncertainty/uncertainty_map.tif
[2026-09-07 15:58:58] [INFO] [satellite_srm.inference_pipeline.run:91] Full-Scene inference completed in 112.10s. Sub-4m product: outputs/sr/SR_product.tif
[2026-09-07 15:59:15] [INFO] [satellite_srm.model_factory.create_model:26] Initializing Multispectral SwinIR model (Scale: 3.0x, 4 bands)...
[2026-09-07 16:00:17] [INFO] [satellite_srm.model_factory.create_model:26] Initializing Multispectral SwinIR model (Scale: 3.0x, 4 bands)...
[2026-09-07 16:04:19] [INFO] [satellite_srm.sentinel2.acquire_scene:36] Scene S2A_MSIL2A_20260515_agriculture already exists at data/raw/sentinel2/S2A_MSIL2A_20260515_agriculture.tif
[2026-09-07 16:04:23] [INFO] [satellite_srm.patches.extract_pairs:97] Extracted 9 patch pairs for scene S2A_MSIL2A_20260515_agriculture
[2026-09-07 16:04:23] [INFO] [satellite_srm.sampler.split:43] Geographic split complete: 6 train, 1 val, 2 test.
[2026-09-07 16:04:24] [INFO] [satellite_srm.model_factory.create_model:26] Initializing Multispectral SwinIR model (Scale: 3.0x, 4 bands)...
[2026-09-07 16:04:24] [INFO] [satellite_srm.inference_pipeline.run:37] Starting Full-Scene SRM Inference on: data/raw/sentinel2/S2A_MSIL2A_20260515_agriculture.tif
[2026-09-07 16:04:24] [INFO] [satellite_srm.inference_pipeline.run:50] Decomposed scene into 9 overlapping tiles (Tile: 128, Overlap: 16)
[2026-09-07 16:06:20] [INFO] [satellite_srm.geotiff.write_geotiff:159] GeoTIFF written via TIFF engine to: outputs/sr/SR_product.tif
[2026-09-07 16:06:20] [INFO] [satellite_srm.geotiff.write_geotiff:159] GeoTIFF written via TIFF engine to: outputs/uncertainty/uncertainty_map.tif
[2026-09-07 16:06:20] [INFO] [satellite_srm.inference_pipeline.run:91] Full-Scene inference completed in 115.73s. Sub-4m product: outputs/sr/SR_product.tif
[2026-09-07 16:06:20] [INFO] [satellite_srm.model_factory.create_model:26] Initializing Multispectral SwinIR model (Scale: 3.0x, 4 bands)...
[2026-09-20 12:25:43] [INFO] [satellite_srm.copernicus.authenticate:24] CDSE credentials not configured in environment (CDSE_USERNAME/CDSE_PASSWORD).
[2026-09-20 12:25:43] [INFO] [satellite_srm.sentinel2.acquire_scene:120] Generating calibrated Sentinel-2 L2A scene: S2A_MSIL2A_TEST_RUN
[2026-09-20 12:25:43] [INFO] [satellite_srm.geotiff.write_geotiff:118] GeoTIFF written via rasterio to: data/raw/sentinel2\S2A_MSIL2A_TEST_RUN.tif
[2026-09-20 12:25:43] [INFO] [satellite_srm.sentinel2.acquire_scene:175] Sentinel-2 scene acquired: data/raw/sentinel2\S2A_MSIL2A_TEST_RUN.tif (SHA-256: 9e05a5238de4...)
[2026-09-20 12:26:22] [INFO] [satellite_srm.sentinel2.acquire_scene:36] Scene S2A_MSIL2A_TEST_RUN already exists at data/raw/sentinel2\S2A_MSIL2A_TEST_RUN.tif
[2026-09-20 12:26:22] [INFO] [satellite_srm.model_factory.create_model:26] Initializing Multispectral SwinIR model (Scale: 3.0x, 4 bands)...
[2026-09-20 12:26:22] [INFO] [satellite_srm.device.select_device:17] Explicit CPU device selected.
[2026-09-20 12:26:22] [INFO] [satellite_srm.inference_pipeline.run:40] Starting Full-Scene SRM Inference on: data/raw/sentinel2\S2A_MSIL2A_TEST_RUN.tif
[2026-09-20 12:26:22] [INFO] [satellite_srm.inference_pipeline.run:53] Decomposed scene into 36 overlapping tiles (Tile: 64, Overlap: 16)
[2026-09-20 12:26:32] [INFO] [satellite_srm.geotiff.write_geotiff:118] GeoTIFF written via rasterio to: outputs/sr/TEST_SR_product.tif
[2026-09-20 12:26:33] [INFO] [satellite_srm.geotiff.write_geotiff:118] GeoTIFF written via rasterio to: outputs/sr/TEST_SR_uncertainty.tif
[2026-09-20 12:26:33] [INFO] [satellite_srm.inference_pipeline.run:94] Full-Scene inference completed in 10.55s. Sub-4m product: outputs/sr/TEST_SR_product.tif
[2026-09-20 12:28:26] [INFO] [satellite_srm.copernicus.authenticate:41] Authenticated successfully with Copernicus Data Space Ecosystem.
[2026-09-20 12:28:43] [INFO] [satellite_srm.sentinel2.acquire_scene:59] Downloading real scene S2A_MSIL2A_20260827T100701_N0512_R022_T33UUU_20260827T183715...
[2026-09-20 12:28:43] [INFO] [satellite_srm.copernicus.download_product:93] Initiating download for product 060cd830-fb58-45e1-aa7a-6448072c28db...
[2026-09-20 12:29:28] [ERROR] [satellite_srm.copernicus.download_product:102] Failed to download product 060cd830-fb58-45e1-aa7a-6448072c28db: HTTPSConnectionPool(host='zipper.dataspace.copernicus.eu', port=443): Read timed out.
[2026-09-20 12:29:28] [INFO] [satellite_srm.sentinel2.acquire_scene:120] Generating calibrated Sentinel-2 L2A scene: S2A_MSIL2A_TEST_REAL_DL_01
[2026-09-20 12:29:28] [INFO] [satellite_srm.geotiff.write_geotiff:118] GeoTIFF written via rasterio to: data/raw/sentinel2\S2A_MSIL2A_20260827T100701_N0512_R022_T33UUU_20260827T183715.tif
[2026-09-20 12:29:28] [INFO] [satellite_srm.sentinel2.acquire_scene:175] Sentinel-2 scene acquired: data/raw/sentinel2\S2A_MSIL2A_20260827T100701_N0512_R022_T33UUU_20260827T183715.tif (SHA-256: 445c5dd28953...)
[2026-09-20 12:29:28] [INFO] [satellite_srm.patches.extract_pairs:97] Extracted 1 patch pairs for scene S2A_MSIL2A_TEST_REAL_DL_01
[2026-09-20 12:29:28] [INFO] [satellite_srm.model_factory.create_model:26] Initializing Multispectral SwinIR model (Scale: 3.0x, 4 bands)...
[2026-09-20 12:29:28] [INFO] [satellite_srm.device.select_device:17] Explicit CPU device selected.
[2026-09-20 12:29:28] [INFO] [satellite_srm.inference_pipeline.run:40] Starting Full-Scene SRM Inference on: data/raw/sentinel2\S2A_MSIL2A_20260827T100701_N0512_R022_T33UUU_20260827T183715.tif
[2026-09-20 12:29:28] [INFO] [satellite_srm.inference_pipeline.run:53] Decomposed scene into 36 overlapping tiles (Tile: 64, Overlap: 16)
[2026-09-20 12:29:37] [INFO] [satellite_srm.geotiff.write_geotiff:118] GeoTIFF written via rasterio to: outputs/sr/REAL_SR_product.tif
[2026-09-20 12:29:38] [INFO] [satellite_srm.geotiff.write_geotiff:118] GeoTIFF written via rasterio to: outputs/sr/REAL_SR_uncertainty.tif
[2026-09-20 12:29:38] [INFO] [satellite_srm.inference_pipeline.run:94] Full-Scene inference completed in 9.26s. Sub-4m product: outputs/sr/REAL_SR_product.tif
[2026-09-20 12:52:51] [INFO] [satellite_srm.copernicus.authenticate:41] Authenticated successfully with Copernicus Data Space Ecosystem.
[2026-09-20 12:53:18] [INFO] [satellite_srm.sentinel2.acquire_scene:55] Scene S2A_MSIL2A_20260827T100701_N0512_R022_T33UUU_20260827T183715 already exists at data/raw/sentinel2\S2A_MSIL2A_20260827T100701_N0512_R022_T33UUU_20260827T183715.tif
[2026-09-20 12:53:18] [INFO] [satellite_srm.patches.extract_pairs:97] Extracted 1 patch pairs for scene S2A_MSIL2A_TEST_REAL_DL_01
[2026-09-20 12:53:18] [INFO] [satellite_srm.model_factory.create_model:26] Initializing Multispectral SwinIR model (Scale: 3.0x, 4 bands)...
[2026-09-20 12:53:18] [INFO] [satellite_srm.device.select_device:17] Explicit CPU device selected.
[2026-09-20 12:53:18] [INFO] [satellite_srm.inference_pipeline.run:40] Starting Full-Scene SRM Inference on: data/raw/sentinel2\S2A_MSIL2A_20260827T100701_N0512_R022_T33UUU_20260827T183715.tif
[2026-09-20 12:53:18] [INFO] [satellite_srm.inference_pipeline.run:53] Decomposed scene into 36 overlapping tiles (Tile: 64, Overlap: 16)
[2026-09-20 12:53:27] [INFO] [satellite_srm.geotiff.write_geotiff:118] GeoTIFF written via rasterio to: outputs/sr/REAL_SR_product.tif
[2026-09-20 12:53:27] [INFO] [satellite_srm.geotiff.write_geotiff:118] GeoTIFF written via rasterio to: outputs/sr/REAL_SR_uncertainty.tif
[2026-09-20 12:53:27] [INFO] [satellite_srm.inference_pipeline.run:94] Full-Scene inference completed in 9.18s. Sub-4m product: outputs/sr/REAL_SR_product.tif
[2026-09-20 16:04:45] [INFO] [satellite_srm.copernicus.authenticate:41] Authenticated successfully with Copernicus Data Space Ecosystem.
[2026-09-20 16:04:57] [INFO] [satellite_srm.sentinel2.acquire_scene:59] Downloading real scene S2B_MSIL2A_20260918T053639_N0512_R005_T43REP_20260918T092317...
[2026-09-20 16:04:57] [INFO] [satellite_srm.copernicus.download_product:93] Initiating download for product 1003578e-2652-4525-b40a-277d830c3285...
[2026-09-20 16:23:19] [ERROR] [satellite_srm.copernicus.download_product:102] Failed to download product 1003578e-2652-4525-b40a-277d830c3285: HTTPSConnectionPool(host='zipper.dataspace.copernicus.eu', port=443): Read timed out.
[2026-09-20 16:35:53] [INFO] [satellite_srm.copernicus.authenticate:41] Authenticated successfully with Copernicus Data Space Ecosystem.
[2026-09-20 16:37:12] [INFO] [satellite_srm.copernicus.authenticate:41] Authenticated successfully with Copernicus Data Space Ecosystem.
[2026-09-20 16:37:12] [INFO] [satellite_srm.sentinel2.acquire_scene:60] Searching Copernicus catalogue for bbox [75.1, 30.2, 75.6, 30.7] ...
[2026-09-20 16:37:25] [INFO] [satellite_srm.sentinel2.acquire_scene:79] Downloading real scene S2B_MSIL2A_20260918T053639_N0512_R005_T43REP_20260918T092317 (may take several minutes)...
[2026-09-20 16:37:25] [INFO] [satellite_srm.copernicus.download_product:93] Initiating download for product 1003578e-2652-4525-b40a-277d830c3285...
[2026-09-20 16:46:23] [ERROR] [satellite_srm.copernicus.download_product:102] Failed to download product 1003578e-2652-4525-b40a-277d830c3285: ("Connection broken: ConnectionResetError(10054, 'An existing connection was forcibly closed by the remote host', None, 10054, None)", ConnectionResetError(10054, 'An existing connection was forcibly closed by the remote host', None, 10054, None))
[2026-09-20 16:47:15] [INFO] [satellite_srm.copernicus.authenticate:41] Authenticated successfully with Copernicus Data Space Ecosystem.
[2026-09-20 16:47:15] [INFO] [satellite_srm.sentinel2.acquire_scene:60] Searching Copernicus catalogue for bbox [75.1, 30.2, 75.6, 30.7] ...
[2026-09-20 16:47:28] [INFO] [satellite_srm.sentinel2.acquire_scene:79] Downloading real scene S2B_MSIL2A_20260918T053639_N0512_R005_T43REP_20260918T092317 (may take several minutes)...
[2026-09-20 16:47:28] [INFO] [satellite_srm.copernicus.download_product:104] Initiating download for product 1003578e-2652-4525-b40a-277d830c3285 (attempt 1/5)...
[2026-09-20 16:47:58] [INFO] [satellite_srm.copernicus.download_product:128]   Downloaded 55 MB / 1157 MB (4.7%)
[2026-09-20 16:48:20] [INFO] [satellite_srm.copernicus.download_product:128]   Downloaded 105 MB / 1157 MB (9.1%)
[2026-09-20 16:48:41] [INFO] [satellite_srm.copernicus.download_product:128]   Downloaded 159 MB / 1157 MB (13.8%)
[2026-09-20 16:48:59] [INFO] [satellite_srm.copernicus.download_product:128]   Downloaded 210 MB / 1157 MB (18.1%)
[2026-09-20 16:49:28] [INFO] [satellite_srm.copernicus.download_product:128]   Downloaded 264 MB / 1157 MB (22.8%)
[2026-09-20 16:49:51] [INFO] [satellite_srm.copernicus.download_product:128]   Downloaded 315 MB / 1157 MB (27.2%)
[2026-09-20 16:50:14] [INFO] [satellite_srm.copernicus.download_product:128]   Downloaded 369 MB / 1157 MB (31.9%)
[2026-09-20 16:50:34] [INFO] [satellite_srm.copernicus.download_product:128]   Downloaded 419 MB / 1157 MB (36.3%)
[2026-09-20 16:50:59] [INFO] [satellite_srm.copernicus.download_product:128]   Downloaded 474 MB / 1157 MB (41.0%)
[2026-09-20 16:51:14] [INFO] [satellite_srm.copernicus.download_product:128]   Downloaded 524 MB / 1157 MB (45.3%)
[2026-09-20 16:51:24] [INFO] [satellite_srm.copernicus.download_product:128]   Downloaded 579 MB / 1157 MB (50.0%)
[2026-09-20 16:51:32] [INFO] [satellite_srm.copernicus.download_product:128]   Downloaded 629 MB / 1157 MB (54.4%)
[2026-09-20 16:51:41] [INFO] [satellite_srm.copernicus.download_product:128]   Downloaded 684 MB / 1157 MB (59.1%)
[2026-09-20 16:51:49] [INFO] [satellite_srm.copernicus.download_product:128]   Downloaded 734 MB / 1157 MB (63.4%)
[2026-09-20 16:52:08] [INFO] [satellite_srm.copernicus.download_product:128]   Downloaded 789 MB / 1157 MB (68.2%)
[2026-09-20 16:52:21] [INFO] [satellite_srm.copernicus.download_product:128]   Downloaded 839 MB / 1157 MB (72.5%)
[2026-09-20 16:53:02] [INFO] [satellite_srm.copernicus.download_product:128]   Downloaded 893 MB / 1157 MB (77.2%)
[2026-09-20 16:54:11] [INFO] [satellite_srm.copernicus.download_product:128]   Downloaded 944 MB / 1157 MB (81.6%)
[2026-09-20 16:54:33] [INFO] [satellite_srm.copernicus.download_product:128]   Downloaded 998 MB / 1157 MB (86.3%)
[2026-09-20 16:54:55] [INFO] [satellite_srm.copernicus.download_product:128]   Downloaded 1049 MB / 1157 MB (90.6%)
[2026-09-20 16:55:28] [INFO] [satellite_srm.copernicus.download_product:128]   Downloaded 1103 MB / 1157 MB (95.3%)
[2026-09-20 16:55:53] [INFO] [satellite_srm.copernicus.download_product:128]   Downloaded 1153 MB / 1157 MB (99.7%)
[2026-09-20 16:55:55] [INFO] [satellite_srm.copernicus.download_product:128]   Downloaded 1157 MB / 1157 MB (100.0%)
[2026-09-20 16:55:55] [INFO] [satellite_srm.copernicus.download_product:130] Successfully downloaded product 1003578e-2652-4525-b40a-277d830c3285 to C:\Users\vemul\OneDrive\Desktop\sih\Satellite_SRM_DL\data\raw\sentinel2\S2B_MSIL2A_20260918T053639_N0512_R005_T43REP_20260918T092317.zip
[2026-09-20 16:55:55] [INFO] [satellite_srm.sentinel2.acquire_scene:90] Extracting and processing bands from SAFE archive...
[2026-09-20 16:59:59] [INFO] [satellite_srm.geotiff.write_geotiff:118] GeoTIFF written via rasterio to: C:\Users\vemul\OneDrive\Desktop\sih\Satellite_SRM_DL\data\raw\sentinel2\S2B_MSIL2A_20260918T053639_N0512_R005_T43REP_20260918T092317.tif
[2026-09-20 16:59:59] [INFO] [satellite_srm.sentinel2.acquire_scene:157] Scene saved: C:\Users\vemul\OneDrive\Desktop\sih\Satellite_SRM_DL\data\raw\sentinel2\S2B_MSIL2A_20260918T053639_N0512_R005_T43REP_20260918T092317.tif  (SHA-256: 729c9520940a...)
[2026-09-20 17:00:00] [INFO] [satellite_srm.sentinel2.acquire_scene:163] Cleaned up archive: C:\Users\vemul\OneDrive\Desktop\sih\Satellite_SRM_DL\data\raw\sentinel2\S2B_MSIL2A_20260918T053639_N0512_R005_T43REP_20260918T092317.zip
